// Jest Snapshot v1, https://goo.gl/fbAQLP

exports[`Component Graph show return graph snapshot 1`] = `
<div
  className="container"
/>
`;
